---
source: nac3core/src/toplevel/test.rs
expression: res_vec

---
[
    "10: Class {\nname: \"A\",\ndef_id: DefinitionId(10),\nancestors: [CustomClassKind { id: DefinitionId(10), params: [TypeVarKind(UnificationKey(106))] }],\nfields: [(\"a\", \"class0\"), (\"b\", \"tvar3\"), (\"c\", \"class10[3->class1]\")],\nmethods: [(\"__init__\", \"fn[[t=tvar3], class4]\", DefinitionId(11)), (\"fun\", \"fn[[a=class0, b=tvar3], list[virtual[class14[4->class3]]]]\", DefinitionId(12)), (\"foo\", \"fn[[c=class17], class4]\", DefinitionId(13))],\ntype_vars: [UnificationKey(106)]\n}\n",
    "11: Function {\nname: \"A.__init__\",\nsig: \"fn[[t=tvar3], class4]\",\nvar_id: [3]\n}\n",
    "12: Function {\nname: \"A.fun\",\nsig: \"fn[[a=class0, b=tvar3], list[virtual[class14[4->class3]]]]\",\nvar_id: [3]\n}\n",
    "13: Function {\nname: \"A.foo\",\nsig: \"fn[[c=class17], class4]\",\nvar_id: [3]\n}\n",
    "14: Class {\nname: \"B\",\ndef_id: DefinitionId(14),\nancestors: [CustomClassKind { id: DefinitionId(14), params: [TypeVarKind(UnificationKey(107))] }, CustomClassKind { id: DefinitionId(10), params: [PrimitiveKind(UnificationKey(2))] }],\nfields: [(\"a\", \"class0\"), (\"b\", \"tvar3\"), (\"c\", \"class10[3->class1]\"), (\"d\", \"class17\")],\nmethods: [(\"__init__\", \"fn[[], class4]\", DefinitionId(15)), (\"fun\", \"fn[[a=class0, b=tvar3], list[virtual[class14[4->class3]]]]\", DefinitionId(16)), (\"foo\", \"fn[[c=class17], class4]\", DefinitionId(13))],\ntype_vars: [UnificationKey(107)]\n}\n",
    "15: Function {\nname: \"B.__init__\",\nsig: \"fn[[], class4]\",\nvar_id: [4]\n}\n",
    "16: Function {\nname: \"B.fun\",\nsig: \"fn[[a=class0, b=tvar3], list[virtual[class14[4->class3]]]]\",\nvar_id: [3, 4]\n}\n",
    "17: Class {\nname: \"C\",\ndef_id: DefinitionId(17),\nancestors: [CustomClassKind { id: DefinitionId(17), params: [] }, CustomClassKind { id: DefinitionId(14), params: [PrimitiveKind(UnificationKey(3))] }, CustomClassKind { id: DefinitionId(10), params: [PrimitiveKind(UnificationKey(2))] }],\nfields: [(\"a\", \"class0\"), (\"b\", \"tvar3\"), (\"c\", \"class10[3->class1]\"), (\"d\", \"class17\"), (\"e\", \"class1\")],\nmethods: [(\"__init__\", \"fn[[], class4]\", DefinitionId(18)), (\"fun\", \"fn[[a=class0, b=tvar3], list[virtual[class14[4->class3]]]]\", DefinitionId(16)), (\"foo\", \"fn[[c=class17], class4]\", DefinitionId(13))],\ntype_vars: []\n}\n",
    "18: Function {\nname: \"C.__init__\",\nsig: \"fn[[], class4]\",\nvar_id: []\n}\n",
]
