---
source: nac3core/src/toplevel/test.rs
expression: res_vec

---
[
    "10: Class {\nname: \"A\",\ndef_id: DefinitionId(10),\nancestors: [CustomClassKind { id: DefinitionId(10), params: [TypeVarKind(UnificationKey(106)), TypeVarKind(UnificationKey(107))] }],\nfields: [(\"a\", \"class10[3->class2, 4->class3]\"), (\"b\", \"class13\")],\nmethods: [(\"__init__\", \"fn[[a=class10[3->class2, 4->class3], b=class13], class4]\", DefinitionId(11)), (\"fun\", \"fn[[a=class10[3->class2, 4->class3]], class10[3->class3, 4->class0]]\", DefinitionId(12))],\ntype_vars: [UnificationKey(106), UnificationKey(107)]\n}\n",
    "11: Function {\nname: \"A.__init__\",\nsig: \"fn[[a=class10[3->class2, 4->class3], b=class13], class4]\",\nvar_id: [3, 4]\n}\n",
    "12: Function {\nname: \"A.fun\",\nsig: \"fn[[a=class10[3->class2, 4->class3]], class10[3->class3, 4->class0]]\",\nvar_id: [3, 4]\n}\n",
    "13: Class {\nname: \"B\",\ndef_id: DefinitionId(13),\nancestors: [CustomClassKind { id: DefinitionId(13), params: [] }, CustomClassKind { id: DefinitionId(10), params: [PrimitiveKind(UnificationKey(1)), PrimitiveKind(UnificationKey(3))] }],\nfields: [(\"a\", \"class10[3->class2, 4->class3]\"), (\"b\", \"class13\")],\nmethods: [(\"__init__\", \"fn[[], class4]\", DefinitionId(14)), (\"fun\", \"fn[[a=class10[3->class2, 4->class3]], class10[3->class3, 4->class0]]\", DefinitionId(12)), (\"foo\", \"fn[[b=class13], class13]\", DefinitionId(15)), (\"bar\", \"fn[[a=class10[3->list[class13], 4->class0]], tuple[class10[3->virtual[class10[3->class13, 4->class0]], 4->class3], class13]]\", DefinitionId(16))],\ntype_vars: []\n}\n",
    "14: Function {\nname: \"B.__init__\",\nsig: \"fn[[], class4]\",\nvar_id: []\n}\n",
    "15: Function {\nname: \"B.foo\",\nsig: \"fn[[b=class13], class13]\",\nvar_id: []\n}\n",
    "16: Function {\nname: \"B.bar\",\nsig: \"fn[[a=class10[3->list[class13], 4->class0]], tuple[class10[3->virtual[class10[3->class13, 4->class0]], 4->class3], class13]]\",\nvar_id: []\n}\n",
]
