---
source: nac3core/src/toplevel/test.rs
assertion_line: 549
expression: res_vec

---
[
    "Class {\nname: \"A\",\nancestors: [\"A[typevar6, typevar7]\"],\nfields: [\"a\", \"b\"],\nmethods: [(\"__init__\", \"fn[[a:A[bool, float], b:B], none]\"), (\"fun\", \"fn[[a:A[bool, float]], A[bool, int32]]\")],\ntype_vars: [\"typevar6\", \"typevar7\"]\n}\n",
    "Function {\nname: \"A.__init__\",\nsig: \"fn[[a:A[bool, float], b:B], none]\",\nvar_id: []\n}\n",
    "Function {\nname: \"A.fun\",\nsig: \"fn[[a:A[bool, float]], A[bool, int32]]\",\nvar_id: []\n}\n",
    "Class {\nname: \"B\",\nancestors: [\"B\", \"A[int64, bool]\"],\nfields: [\"a\", \"b\"],\nmethods: [(\"__init__\", \"fn[[], none]\"), (\"fun\", \"fn[[a:A[bool, float]], A[bool, int32]]\"), (\"foo\", \"fn[[b:B], B]\"), (\"bar\", \"fn[[a:A[int32, list[B]]], tuple[A[bool, virtual[A[B, int32]]], B]]\")],\ntype_vars: []\n}\n",
    "Function {\nname: \"B.__init__\",\nsig: \"fn[[], none]\",\nvar_id: []\n}\n",
    "Function {\nname: \"B.foo\",\nsig: \"fn[[b:B], B]\",\nvar_id: []\n}\n",
    "Function {\nname: \"B.bar\",\nsig: \"fn[[a:A[int32, list[B]]], tuple[A[bool, virtual[A[B, int32]]], B]]\",\nvar_id: []\n}\n",
]
