---
source: nac3core/src/toplevel/test.rs
assertion_line: 549
expression: res_vec

---
[
    "Class {\nname: \"A\",\nancestors: [\"{class: A, params: [\\\"T\\\"]}\"],\nfields: [\"a\", \"b\", \"c\"],\nmethods: [(\"__init__\", \"fn[[t:T], none]\"), (\"fun\", \"fn[[a:int32, b:T], list[virtual[B[bool]]]]\"), (\"foo\", \"fn[[c:C], none]\")],\ntype_vars: [\"T\"]\n}\n",
    "Function {\nname: \"A.__init__\",\nsig: \"fn[[t:T], none]\",\nvar_id: []\n}\n",
    "Function {\nname: \"A.fun\",\nsig: \"fn[[a:int32, b:T], list[virtual[B[bool]]]]\",\nvar_id: []\n}\n",
    "Function {\nname: \"A.foo\",\nsig: \"fn[[c:C], none]\",\nvar_id: []\n}\n",
    "Class {\nname: \"B\",\nancestors: [\"{class: B, params: [\\\"var7\\\"]}\", \"{class: A, params: [\\\"float\\\"]}\"],\nfields: [\"a\", \"b\", \"c\", \"d\"],\nmethods: [(\"__init__\", \"fn[[], none]\"), (\"fun\", \"fn[[a:int32, b:T], list[virtual[B[bool]]]]\"), (\"foo\", \"fn[[c:C], none]\")],\ntype_vars: [\"var7\"]\n}\n",
    "Function {\nname: \"B.__init__\",\nsig: \"fn[[], none]\",\nvar_id: []\n}\n",
    "Function {\nname: \"B.fun\",\nsig: \"fn[[a:int32, b:T], list[virtual[B[bool]]]]\",\nvar_id: []\n}\n",
    "Class {\nname: \"C\",\nancestors: [\"{class: C, params: []}\", \"{class: B, params: [\\\"bool\\\"]}\", \"{class: A, params: [\\\"float\\\"]}\"],\nfields: [\"a\", \"b\", \"c\", \"d\", \"e\"],\nmethods: [(\"__init__\", \"fn[[], none]\"), (\"fun\", \"fn[[a:int32, b:T], list[virtual[B[bool]]]]\"), (\"foo\", \"fn[[c:C], none]\")],\ntype_vars: []\n}\n",
    "Function {\nname: \"C.__init__\",\nsig: \"fn[[], none]\",\nvar_id: []\n}\n",
]
