---
source: nac3core/src/codegen/test.rs
expression: "module.print_to_string().to_str().map(str::trim).unwrap()"
---
; ModuleID = 'test'
source_filename = "test"
target datalayout = "e-m:e-p270:32:32-p271:32:32-p272:64:64-i64:64-i128:128-f80:128-n8:16:32:64-S128"
target triple = "x86_64-unknown-linux-gnu"

%str = type { ptr, i64 }
%__nac3_typeinfo = type { ptr, ptr }
%exception = type { i32, %str, i32, i32, %str, %str, i64, i64, i64 }

@__nac3_global_begin = weak local_unnamed_addr constant i8 poison, align 8
@"typename array for __nac3_list" = weak constant [11 x i8] c"__nac3_list"
@"typename for __nac3_list" = weak constant %str { ptr @"typename array for __nac3_list", i64 11 }
@"refcounted_fields array for __nac3_list" = weak constant [2 x i32] [i32 1, i32 0]
@"typeinfo for __nac3_list" = weak constant %__nac3_typeinfo { ptr @"typename for __nac3_list", ptr @"refcounted_fields array for __nac3_list" }, align 8
@const = private unnamed_addr constant [83 x i8] c"Allocation of {0} \C3\97 {1} bytes exceeds maximum value of 18446744073709551615 bytes\00", align 1
@const.1 = private unnamed_addr constant [8 x i8] c"unknown\00", align 1
@const.2 = private unnamed_addr constant [8 x i8] c"testing\00", align 1
@"typename array for __nac3_array" = weak constant [12 x i8] c"__nac3_array"
@"typename for __nac3_array" = weak constant %str { ptr @"typename array for __nac3_array", i64 12 }
@"refcounted_fields array for __nac3_array" = weak constant [1 x i32] [i32 -1]
@"typeinfo for __nac3_array" = weak constant %__nac3_typeinfo { ptr @"typename for __nac3_array", ptr @"refcounted_fields array for __nac3_array" }, align 8
@const.3 = private unnamed_addr constant [77 x i8] c"New list of {0} \C3\97 {1} elements exceeds maximum size of 18446744073709551615\00", align 1

define noundef i32 @testing() local_unnamed_addr !dbg !4 {
init:
  %exn = alloca %exception, align 8
  %0 = tail call ptr @__nac3_alloc(i64 24, i64 8), !dbg !8
  tail call void @__nac3_object_header_init(ptr %0, i1 true, ptr nonnull @"typeinfo for __nac3_list"), !dbg !8
  %1 = getelementptr i8, ptr %0, i64 8, !dbg !8
  store i64 0, ptr %1, align 8, !dbg !8
  %2 = getelementptr i8, ptr %0, i64 16, !dbg !8
  store i64 1, ptr %2, align 8, !dbg !8
  %3 = tail call ptr @__nac3_alloc(i64 32, i64 8), !dbg !8
  tail call void @__nac3_object_header_init(ptr %3, i1 true, ptr nonnull @"typeinfo for __nac3_array"), !dbg !8
  %4 = getelementptr i8, ptr %3, i64 8, !dbg !8
  store i64 0, ptr %4, align 8, !dbg !8
  store ptr %3, ptr %1, align 8, !dbg !8
  %5 = getelementptr i8, ptr %3, i64 16, !dbg !8
  store i32 0, ptr %5, align 8, !dbg !8
  %6 = tail call ptr @__nac3_alloc(i64 24, i64 8), !dbg !9
  tail call void @__nac3_object_header_init(ptr %6, i1 true, ptr nonnull @"typeinfo for __nac3_list"), !dbg !9
  %7 = getelementptr i8, ptr %6, i64 8, !dbg !9
  store i64 0, ptr %7, align 8, !dbg !9
  %8 = getelementptr i8, ptr %6, i64 16, !dbg !9
  store i64 1, ptr %8, align 8, !dbg !9
  %9 = tail call ptr @__nac3_alloc(i64 32, i64 8), !dbg !9
  tail call void @__nac3_object_header_init(ptr %9, i1 true, ptr nonnull @"typeinfo for __nac3_array"), !dbg !9
  %10 = getelementptr i8, ptr %9, i64 8, !dbg !9
  store i64 1, ptr %10, align 8, !dbg !9
  %11 = getelementptr i8, ptr %9, i64 16, !dbg !9
  store ptr %9, ptr %7, align 8, !dbg !9
  store ptr %0, ptr %11, align 8, !dbg !9
  %12 = load i64, ptr %8, align 8, !dbg !10
  %13 = load ptr, ptr %7, align 8, !dbg !10
  %14 = getelementptr i8, ptr %13, i64 16, !dbg !10
  %15 = tail call { i64, i1 } @llvm.umul.with.overflow.i64(i64 %12, i64 15), !dbg !10
  %16 = extractvalue { i64, i1 } %15, 0, !dbg !10
  %17 = extractvalue { i64, i1 } %15, 1, !dbg !10
  br i1 %17, label %fail15, label %succ14, !dbg !10, !prof !11

succ14:                                           ; preds = %init
  %18 = tail call ptr @__nac3_alloc(i64 24, i64 8), !dbg !10
  tail call void @__nac3_object_header_init(ptr %18, i1 true, ptr nonnull @"typeinfo for __nac3_list"), !dbg !10
  %19 = getelementptr i8, ptr %18, i64 8, !dbg !10
  store i64 0, ptr %19, align 8, !dbg !10
  %20 = getelementptr i8, ptr %18, i64 16, !dbg !10
  store i64 %16, ptr %20, align 8, !dbg !10
  %21 = shl i64 %16, 3, !dbg !10
  %22 = icmp ult i64 %16, 2305843009213693952, !dbg !10
  %23 = icmp ult i64 %21, -16, !dbg !10
  %.not89 = and i1 %22, %23, !dbg !10
  br i1 %.not89, label %succ26, label %fail27, !dbg !10, !prof !12

succ26:                                           ; preds = %succ14
  %24 = icmp eq i64 %16, 0, !dbg !10
  %25 = add i64 %21, 31, !dbg !10
  %26 = and i64 %25, -16, !dbg !10
  %27 = tail call ptr @__nac3_alloc(i64 %26, i64 8), !dbg !10
  tail call void @__nac3_object_header_init(ptr %27, i1 true, ptr nonnull @"typeinfo for __nac3_array"), !dbg !10
  %28 = getelementptr i8, ptr %27, i64 8, !dbg !10
  store i64 %16, ptr %28, align 8, !dbg !10
  %29 = getelementptr i8, ptr %27, i64 16, !dbg !10
  tail call void @llvm.memset.p0.i64(ptr align 8 %29, i8 0, i64 %21, i1 false), !dbg !10
  %30 = select i1 %24, ptr null, ptr %27, !dbg !10
  store ptr %30, ptr %19, align 8, !dbg !10
  %31 = getelementptr i8, ptr %30, i64 16
  %32 = shl nuw i64 %12, 3
  tail call void @llvm.memcpy.p0.p0.i64(ptr align 8 %31, ptr align 8 %14, i64 %32, i1 false), !dbg !10
  %33 = getelementptr inbounds ptr, ptr %31, i64 %12, !dbg !10
  tail call void @llvm.memcpy.p0.p0.i64(ptr align 8 %33, ptr align 8 %14, i64 %32, i1 false), !dbg !10
  %.idx = shl i64 %12, 4, !dbg !10
  %34 = getelementptr inbounds i8, ptr %31, i64 %.idx, !dbg !10
  tail call void @llvm.memcpy.p0.p0.i64(ptr align 8 %34, ptr align 8 %14, i64 %32, i1 false), !dbg !10
  %.idx99 = mul i64 %12, 24, !dbg !10
  %35 = getelementptr inbounds i8, ptr %31, i64 %.idx99, !dbg !10
  tail call void @llvm.memcpy.p0.p0.i64(ptr align 8 %35, ptr align 8 %14, i64 %32, i1 false), !dbg !10
  %.idx100 = shl i64 %12, 5, !dbg !10
  %36 = getelementptr inbounds i8, ptr %31, i64 %.idx100, !dbg !10
  tail call void @llvm.memcpy.p0.p0.i64(ptr align 8 %36, ptr align 8 %14, i64 %32, i1 false), !dbg !10
  %.idx101 = mul i64 %12, 40, !dbg !10
  %37 = getelementptr inbounds i8, ptr %31, i64 %.idx101, !dbg !10
  tail call void @llvm.memcpy.p0.p0.i64(ptr align 8 %37, ptr align 8 %14, i64 %32, i1 false), !dbg !10
  %.idx102 = mul i64 %12, 48, !dbg !10
  %38 = getelementptr inbounds i8, ptr %31, i64 %.idx102, !dbg !10
  tail call void @llvm.memcpy.p0.p0.i64(ptr align 8 %38, ptr align 8 %14, i64 %32, i1 false), !dbg !10
  %.idx103 = mul i64 %12, 56, !dbg !10
  %39 = getelementptr inbounds i8, ptr %31, i64 %.idx103, !dbg !10
  tail call void @llvm.memcpy.p0.p0.i64(ptr align 8 %39, ptr align 8 %14, i64 %32, i1 false), !dbg !10
  %.idx104 = shl i64 %12, 6, !dbg !10
  %40 = getelementptr inbounds i8, ptr %31, i64 %.idx104, !dbg !10
  tail call void @llvm.memcpy.p0.p0.i64(ptr align 8 %40, ptr align 8 %14, i64 %32, i1 false), !dbg !10
  %.idx105 = mul i64 %12, 72, !dbg !10
  %41 = getelementptr inbounds i8, ptr %31, i64 %.idx105, !dbg !10
  tail call void @llvm.memcpy.p0.p0.i64(ptr align 8 %41, ptr align 8 %14, i64 %32, i1 false), !dbg !10
  %.idx106 = mul i64 %12, 80, !dbg !10
  %42 = getelementptr inbounds i8, ptr %31, i64 %.idx106, !dbg !10
  tail call void @llvm.memcpy.p0.p0.i64(ptr align 8 %42, ptr align 8 %14, i64 %32, i1 false), !dbg !10
  %.idx107 = mul i64 %12, 88, !dbg !10
  %43 = getelementptr inbounds i8, ptr %31, i64 %.idx107, !dbg !10
  tail call void @llvm.memcpy.p0.p0.i64(ptr align 8 %43, ptr align 8 %14, i64 %32, i1 false), !dbg !10
  %.idx108 = mul i64 %12, 96, !dbg !10
  %44 = getelementptr inbounds i8, ptr %31, i64 %.idx108, !dbg !10
  tail call void @llvm.memcpy.p0.p0.i64(ptr align 8 %44, ptr align 8 %14, i64 %32, i1 false), !dbg !10
  %.idx109 = mul i64 %12, 104, !dbg !10
  %45 = getelementptr inbounds i8, ptr %31, i64 %.idx109, !dbg !10
  tail call void @llvm.memcpy.p0.p0.i64(ptr align 8 %45, ptr align 8 %14, i64 %32, i1 false), !dbg !10
  %.idx110 = mul i64 %12, 112, !dbg !10
  %46 = getelementptr inbounds i8, ptr %31, i64 %.idx110, !dbg !10
  tail call void @llvm.memcpy.p0.p0.i64(ptr align 8 %46, ptr align 8 %14, i64 %32, i1 false), !dbg !10
  %47 = load ptr, ptr %7, align 8, !dbg !10
  %48 = getelementptr i8, ptr %47, i64 16, !dbg !10
  %.not = icmp eq i64 %12, 0, !dbg !10
  br i1 %.not, label %if.then46, label %for.body39, !dbg !10

for.body39:                                       ; preds = %succ26, %for.update40
  %.093 = phi i64 [ %51, %for.update40 ], [ 0, %succ26 ]
  %49 = getelementptr inbounds ptr, ptr %48, i64 %.093, !dbg !10
  %50 = load ptr, ptr %49, align 8, !dbg !10
  %.not91 = icmp eq ptr %50, null, !dbg !10
  br i1 %.not91, label %for.update40, label %if.then, !dbg !10

if.then:                                          ; preds = %for.body39
  tail call void @__nac3_refcount_incr_by(ptr nonnull %50, i64 15), !dbg !10
  br label %for.update40, !dbg !10

for.update40:                                     ; preds = %if.then, %for.body39
  %51 = add nuw i64 %.093, 1, !dbg !10
  %exitcond.not = icmp eq i64 %51, %12, !dbg !10
  br i1 %exitcond.not, label %for.end42, label %for.body39, !dbg !10

for.end42:                                        ; preds = %for.update40
  %cond = icmp eq ptr %18, null, !dbg !13
  br i1 %cond, label %if.end54, label %if.then46, !dbg !13

if.then46:                                        ; preds = %succ26, %for.end42
  tail call void @__nac3_refcount_incr(ptr nonnull %18), !dbg !13
  tail call void @__nac3_refcount_decr(ptr nonnull %18), !dbg !13
  br label %if.end54, !dbg !13

if.end54:                                         ; preds = %for.end42, %if.then46
  ret i32 0, !dbg !13

fail15:                                           ; preds = %init
  store i32 0, ptr %exn, align 8, !dbg !10
  %exn.message.addr17 = getelementptr inbounds nuw i8, ptr %exn, i64 48, !dbg !10
  store ptr @const.3, ptr %exn.message.addr17, align 8, !dbg !10
  %.fca.1.gep72 = getelementptr inbounds nuw i8, ptr %exn, i64 56, !dbg !10
  store i64 76, ptr %.fca.1.gep72, align 8, !dbg !10
  %exn.param0.addr18 = getelementptr inbounds nuw i8, ptr %exn, i64 64, !dbg !10
  store i64 %12, ptr %exn.param0.addr18, align 8, !dbg !10
  %exn.param1.addr19 = getelementptr inbounds nuw i8, ptr %exn, i64 72, !dbg !10
  store i64 15, ptr %exn.param1.addr19, align 8, !dbg !10
  %exn.param2.addr20 = getelementptr inbounds nuw i8, ptr %exn, i64 80, !dbg !10
  store i64 0, ptr %exn.param2.addr20, align 8, !dbg !10
  %exn.file.addr21 = getelementptr inbounds nuw i8, ptr %exn, i64 8, !dbg !10
  store ptr @const.1, ptr %exn.file.addr21, align 8, !dbg !10
  %.fca.1.gep74 = getelementptr inbounds nuw i8, ptr %exn, i64 16, !dbg !10
  store i64 7, ptr %.fca.1.gep74, align 8, !dbg !10
  %exn.line.addr22 = getelementptr inbounds nuw i8, ptr %exn, i64 24, !dbg !10
  store i32 1, ptr %exn.line.addr22, align 8, !dbg !10
  %exn.col.addr23 = getelementptr inbounds nuw i8, ptr %exn, i64 28, !dbg !10
  store i32 13, ptr %exn.col.addr23, align 4, !dbg !10
  %exn.func.addr24 = getelementptr inbounds nuw i8, ptr %exn, i64 32, !dbg !10
  store ptr @const.2, ptr %exn.func.addr24, align 8, !dbg !10
  %.fca.1.gep76 = getelementptr inbounds nuw i8, ptr %exn, i64 40, !dbg !10
  store i64 7, ptr %.fca.1.gep76, align 8, !dbg !10
  call void @__nac3_raise(ptr nonnull %exn), !dbg !10
  unreachable, !dbg !10

fail27:                                           ; preds = %succ14
  store i32 0, ptr %exn, align 8, !dbg !10
  %exn.message.addr29 = getelementptr inbounds nuw i8, ptr %exn, i64 48, !dbg !10
  store ptr @const, ptr %exn.message.addr29, align 8, !dbg !10
  %.fca.1.gep78 = getelementptr inbounds nuw i8, ptr %exn, i64 56, !dbg !10
  store i64 82, ptr %.fca.1.gep78, align 8, !dbg !10
  %exn.param0.addr30 = getelementptr inbounds nuw i8, ptr %exn, i64 64, !dbg !10
  store i64 %16, ptr %exn.param0.addr30, align 8, !dbg !10
  %exn.param1.addr31 = getelementptr inbounds nuw i8, ptr %exn, i64 72, !dbg !10
  store i64 8, ptr %exn.param1.addr31, align 8, !dbg !10
  %exn.param2.addr32 = getelementptr inbounds nuw i8, ptr %exn, i64 80, !dbg !10
  store i64 0, ptr %exn.param2.addr32, align 8, !dbg !10
  %exn.file.addr33 = getelementptr inbounds nuw i8, ptr %exn, i64 8, !dbg !10
  store ptr @const.1, ptr %exn.file.addr33, align 8, !dbg !10
  %.fca.1.gep80 = getelementptr inbounds nuw i8, ptr %exn, i64 16, !dbg !10
  store i64 7, ptr %.fca.1.gep80, align 8, !dbg !10
  %exn.line.addr34 = getelementptr inbounds nuw i8, ptr %exn, i64 24, !dbg !10
  store i32 1, ptr %exn.line.addr34, align 8, !dbg !10
  %exn.col.addr35 = getelementptr inbounds nuw i8, ptr %exn, i64 28, !dbg !10
  store i32 13, ptr %exn.col.addr35, align 4, !dbg !10
  %exn.func.addr36 = getelementptr inbounds nuw i8, ptr %exn, i64 32, !dbg !10
  store ptr @const.2, ptr %exn.func.addr36, align 8, !dbg !10
  %.fca.1.gep82 = getelementptr inbounds nuw i8, ptr %exn, i64 40, !dbg !10
  store i64 7, ptr %.fca.1.gep82, align 8, !dbg !10
  call void @__nac3_raise(ptr nonnull %exn), !dbg !10
  unreachable, !dbg !10
}

declare ptr @__nac3_alloc(i64, i64) local_unnamed_addr

declare void @__nac3_object_header_init(ptr, i1, ptr) local_unnamed_addr

; Function Attrs: mustprogress nocallback nofree nounwind willreturn memory(argmem: write)
declare void @llvm.memset.p0.i64(ptr writeonly captures(none), i8, i64, i1 immarg) #0

; Function Attrs: mustprogress nocallback nocreateundeforpoison nofree nosync nounwind speculatable willreturn memory(none)
declare { i64, i1 } @llvm.umul.with.overflow.i64(i64, i64) #1

; Function Attrs: noreturn
declare void @__nac3_raise(ptr) local_unnamed_addr #2

; Function Attrs: mustprogress nocallback nofree nounwind willreturn memory(argmem: readwrite)
declare void @llvm.memcpy.p0.p0.i64(ptr noalias writeonly captures(none), ptr noalias readonly captures(none), i64, i1 immarg) #3

declare void @__nac3_refcount_incr_by(ptr, i64) local_unnamed_addr

declare void @__nac3_refcount_incr(ptr) local_unnamed_addr

declare void @__nac3_refcount_decr(ptr) local_unnamed_addr

attributes #0 = { mustprogress nocallback nofree nounwind willreturn memory(argmem: write) }
attributes #1 = { mustprogress nocallback nocreateundeforpoison nofree nosync nounwind speculatable willreturn memory(none) }
attributes #2 = { noreturn }
attributes #3 = { mustprogress nocallback nofree nounwind willreturn memory(argmem: readwrite) }

!llvm.module.flags = !{!0, !1}
!llvm.dbg.cu = !{!2}

!0 = !{i32 2, !"Debug Info Version", i32 3}
!1 = !{i32 2, !"Dwarf Version", i32 4}
!2 = distinct !DICompileUnit(language: DW_LANG_Python, file: !3, producer: "NAC3", isOptimized: true, runtimeVersion: 0, emissionKind: FullDebug)
!3 = !DIFile(filename: "unknown", directory: "")
!4 = distinct !DISubprogram(name: "testing", linkageName: "testing", scope: null, file: !3, line: 1, type: !5, scopeLine: 1, flags: DIFlagPublic, spFlags: DISPFlagDefinition | DISPFlagOptimized, unit: !2)
!5 = !DISubroutineType(flags: DIFlagPublic, types: !6)
!6 = !{!7}
!7 = !DIBasicType(name: "_", flags: DIFlagPublic)
!8 = !DILocation(line: 1, column: 6, scope: !4)
!9 = !DILocation(line: 1, column: 5, scope: !4)
!10 = !DILocation(line: 1, column: 11, scope: !4)
!11 = !{!"branch_weights", !"expected", i32 1, i32 2000}
!12 = !{!"branch_weights", !"expected", i32 2000, i32 1}
!13 = !DILocation(line: 1, column: 1, scope: !4)
