---
source: nac3core/src/codegen/test.rs
expression: "module.print_to_string().to_str().map(str::trim).unwrap()"
---
; ModuleID = 'test'
source_filename = "test"
target datalayout = "e-m:e-p270:32:32-p271:32:32-p272:64:64-i64:64-i128:128-f80:128-n8:16:32:64-S128"
target triple = "x86_64-unknown-linux-gnu"

%str = type { ptr, i64 }
%__nac3_typeinfo = type { ptr, ptr }
%exception = type { i32, %str, i32, i32, %str, %str, i64, i64, i64 }

@__nac3_global_begin = weak local_unnamed_addr constant i8 poison, align 8
@"typename array for __nac3_list" = weak constant [11 x i8] c"__nac3_list"
@"typename for __nac3_list" = weak constant %str { ptr @"typename array for __nac3_list", i64 11 }
@"refcounted_fields array for __nac3_list" = weak constant [2 x i32] [i32 1, i32 0]
@"typeinfo for __nac3_list" = weak constant %__nac3_typeinfo { ptr @"typename for __nac3_list", ptr @"refcounted_fields array for __nac3_list" }, align 8
@const = private unnamed_addr constant [83 x i8] c"Allocation of {0} \C3\97 {1} bytes exceeds maximum value of 18446744073709551615 bytes\00", align 1
@const.1 = private unnamed_addr constant [8 x i8] c"unknown\00", align 1
@const.2 = private unnamed_addr constant [8 x i8] c"testing\00", align 1
@const.3 = private unnamed_addr constant [114 x i8] c"Allocation of {0} bytes rounded up to a multiple of {1} bytes exceeds maximum value of 18446744073709551615 bytes\00", align 1
@"typename array for __nac3_array" = weak constant [12 x i8] c"__nac3_array"
@"typename for __nac3_array" = weak constant %str { ptr @"typename array for __nac3_array", i64 12 }
@"refcounted_fields array for __nac3_array" = weak constant [1 x i32] [i32 -1]
@"typeinfo for __nac3_array" = weak constant %__nac3_typeinfo { ptr @"typename for __nac3_array", ptr @"refcounted_fields array for __nac3_array" }, align 8
@const.5 = private unnamed_addr constant [77 x i8] c"New list of {0} \C3\97 {1} elements exceeds maximum size of 18446744073709551615\00", align 1

define noundef i32 @testing() local_unnamed_addr !dbg !4 {
init:
  %exn = alloca %exception, align 8
  %0 = tail call ptr @__nac3_alloc(i64 24, i64 8), !dbg !8
  tail call void @__nac3_object_header_init(ptr %0, i1 true, ptr nonnull @"typeinfo for __nac3_list"), !dbg !8
  %1 = getelementptr i8, ptr %0, i64 8, !dbg !8
  store i64 0, ptr %1, align 8, !dbg !8
  %2 = getelementptr i8, ptr %0, i64 16, !dbg !8
  store i64 1, ptr %2, align 8, !dbg !8
  %3 = tail call ptr @__nac3_alloc(i64 32, i64 8), !dbg !8
  tail call void @__nac3_object_header_init(ptr %3, i1 true, ptr nonnull @"typeinfo for __nac3_array"), !dbg !8
  %4 = getelementptr i8, ptr %3, i64 8, !dbg !8
  store i64 0, ptr %4, align 8, !dbg !8
  store ptr %3, ptr %1, align 8, !dbg !8
  %5 = getelementptr i8, ptr %3, i64 16, !dbg !8
  store i32 0, ptr %5, align 8, !dbg !8
  %6 = tail call ptr @__nac3_alloc(i64 24, i64 8), !dbg !9
  tail call void @__nac3_object_header_init(ptr %6, i1 true, ptr nonnull @"typeinfo for __nac3_list"), !dbg !9
  %7 = getelementptr i8, ptr %6, i64 8, !dbg !9
  store i64 0, ptr %7, align 8, !dbg !9
  %8 = getelementptr i8, ptr %6, i64 16, !dbg !9
  store i64 1, ptr %8, align 8, !dbg !9
  %9 = tail call ptr @__nac3_alloc(i64 32, i64 8), !dbg !9
  tail call void @__nac3_object_header_init(ptr %9, i1 true, ptr nonnull @"typeinfo for __nac3_array"), !dbg !9
  %10 = getelementptr i8, ptr %9, i64 8, !dbg !9
  store i64 1, ptr %10, align 8, !dbg !9
  %11 = getelementptr i8, ptr %9, i64 16, !dbg !9
  store ptr %9, ptr %7, align 8, !dbg !9
  store ptr %0, ptr %11, align 8, !dbg !9
  %12 = load i64, ptr %8, align 8, !dbg !10
  %13 = load ptr, ptr %7, align 8, !dbg !10
  %14 = getelementptr i8, ptr %13, i64 16, !dbg !10
  %15 = tail call { i64, i1 } @llvm.umul.with.overflow.i64(i64 %12, i64 15), !dbg !10
  %16 = extractvalue { i64, i1 } %15, 0, !dbg !10
  %17 = extractvalue { i64, i1 } %15, 1, !dbg !10
  br i1 %17, label %fail63, label %succ62, !dbg !10, !prof !11

succ62:                                           ; preds = %init
  %18 = tail call ptr @__nac3_alloc(i64 24, i64 8), !dbg !10
  tail call void @__nac3_object_header_init(ptr %18, i1 true, ptr nonnull @"typeinfo for __nac3_list"), !dbg !10
  %19 = getelementptr i8, ptr %18, i64 8, !dbg !10
  store i64 0, ptr %19, align 8, !dbg !10
  %20 = getelementptr i8, ptr %18, i64 16, !dbg !10
  store i64 %16, ptr %20, align 8, !dbg !10
  %21 = icmp eq i64 %16, 0, !dbg !10
  %22 = shl i64 %16, 3, !dbg !10
  %23 = icmp ult i64 %16, 2305843009213693952, !dbg !10
  %24 = add i64 %22, 16, !dbg !10
  %25 = icmp ult i64 %22, -16, !dbg !10
  %.not199 = and i1 %23, %25, !dbg !10
  br i1 %.not199, label %succ74, label %fail75, !dbg !10, !prof !12

succ74:                                           ; preds = %succ62
  %26 = add i64 %22, 31, !dbg !10
  %.not = icmp ult i64 %26, %24, !dbg !10
  br i1 %.not, label %fail87, label %succ98, !dbg !10, !prof !11

succ98:                                           ; preds = %succ74
  %27 = and i64 %26, -16, !dbg !10
  %28 = tail call ptr @__nac3_alloc(i64 %27, i64 8), !dbg !10
  tail call void @__nac3_object_header_init(ptr %28, i1 true, ptr nonnull @"typeinfo for __nac3_array"), !dbg !10
  %29 = getelementptr i8, ptr %28, i64 8, !dbg !10
  store i64 %16, ptr %29, align 8, !dbg !10
  %30 = getelementptr i8, ptr %28, i64 16, !dbg !10
  tail call void @llvm.memset.p0.i64(ptr align 8 %30, i8 0, i64 %22, i1 false), !dbg !10
  %31 = select i1 %21, ptr null, ptr %28, !dbg !10
  store ptr %31, ptr %19, align 8, !dbg !10
  %32 = getelementptr i8, ptr %31, i64 16
  %33 = shl nuw i64 %12, 3
  tail call void @llvm.memcpy.p0.p0.i64(ptr align 8 %32, ptr align 8 %14, i64 %33, i1 false), !dbg !10
  %34 = getelementptr inbounds ptr, ptr %32, i64 %12, !dbg !10
  tail call void @llvm.memcpy.p0.p0.i64(ptr align 8 %34, ptr align 8 %14, i64 %33, i1 false), !dbg !10
  %.idx = shl i64 %12, 4, !dbg !10
  %35 = getelementptr inbounds i8, ptr %32, i64 %.idx, !dbg !10
  tail call void @llvm.memcpy.p0.p0.i64(ptr align 8 %35, ptr align 8 %14, i64 %33, i1 false), !dbg !10
  %.idx213 = mul i64 %12, 24, !dbg !10
  %36 = getelementptr inbounds i8, ptr %32, i64 %.idx213, !dbg !10
  tail call void @llvm.memcpy.p0.p0.i64(ptr align 8 %36, ptr align 8 %14, i64 %33, i1 false), !dbg !10
  %.idx214 = shl i64 %12, 5, !dbg !10
  %37 = getelementptr inbounds i8, ptr %32, i64 %.idx214, !dbg !10
  tail call void @llvm.memcpy.p0.p0.i64(ptr align 8 %37, ptr align 8 %14, i64 %33, i1 false), !dbg !10
  %.idx215 = mul i64 %12, 40, !dbg !10
  %38 = getelementptr inbounds i8, ptr %32, i64 %.idx215, !dbg !10
  tail call void @llvm.memcpy.p0.p0.i64(ptr align 8 %38, ptr align 8 %14, i64 %33, i1 false), !dbg !10
  %.idx216 = mul i64 %12, 48, !dbg !10
  %39 = getelementptr inbounds i8, ptr %32, i64 %.idx216, !dbg !10
  tail call void @llvm.memcpy.p0.p0.i64(ptr align 8 %39, ptr align 8 %14, i64 %33, i1 false), !dbg !10
  %.idx217 = mul i64 %12, 56, !dbg !10
  %40 = getelementptr inbounds i8, ptr %32, i64 %.idx217, !dbg !10
  tail call void @llvm.memcpy.p0.p0.i64(ptr align 8 %40, ptr align 8 %14, i64 %33, i1 false), !dbg !10
  %.idx218 = shl i64 %12, 6, !dbg !10
  %41 = getelementptr inbounds i8, ptr %32, i64 %.idx218, !dbg !10
  tail call void @llvm.memcpy.p0.p0.i64(ptr align 8 %41, ptr align 8 %14, i64 %33, i1 false), !dbg !10
  %.idx219 = mul i64 %12, 72, !dbg !10
  %42 = getelementptr inbounds i8, ptr %32, i64 %.idx219, !dbg !10
  tail call void @llvm.memcpy.p0.p0.i64(ptr align 8 %42, ptr align 8 %14, i64 %33, i1 false), !dbg !10
  %.idx220 = mul i64 %12, 80, !dbg !10
  %43 = getelementptr inbounds i8, ptr %32, i64 %.idx220, !dbg !10
  tail call void @llvm.memcpy.p0.p0.i64(ptr align 8 %43, ptr align 8 %14, i64 %33, i1 false), !dbg !10
  %.idx221 = mul i64 %12, 88, !dbg !10
  %44 = getelementptr inbounds i8, ptr %32, i64 %.idx221, !dbg !10
  tail call void @llvm.memcpy.p0.p0.i64(ptr align 8 %44, ptr align 8 %14, i64 %33, i1 false), !dbg !10
  %.idx222 = mul i64 %12, 96, !dbg !10
  %45 = getelementptr inbounds i8, ptr %32, i64 %.idx222, !dbg !10
  tail call void @llvm.memcpy.p0.p0.i64(ptr align 8 %45, ptr align 8 %14, i64 %33, i1 false), !dbg !10
  %.idx223 = mul i64 %12, 104, !dbg !10
  %46 = getelementptr inbounds i8, ptr %32, i64 %.idx223, !dbg !10
  tail call void @llvm.memcpy.p0.p0.i64(ptr align 8 %46, ptr align 8 %14, i64 %33, i1 false), !dbg !10
  %.idx224 = mul i64 %12, 112, !dbg !10
  %47 = getelementptr inbounds i8, ptr %32, i64 %.idx224, !dbg !10
  tail call void @llvm.memcpy.p0.p0.i64(ptr align 8 %47, ptr align 8 %14, i64 %33, i1 false), !dbg !10
  %48 = load ptr, ptr %7, align 8, !dbg !10
  %49 = getelementptr i8, ptr %48, i64 16, !dbg !10
  %.not205 = icmp eq i64 %12, 0, !dbg !10
  br i1 %.not205, label %if.then118, label %for.body111, !dbg !10

for.body111:                                      ; preds = %succ98, %for.update112
  %.0204 = phi i64 [ %52, %for.update112 ], [ 0, %succ98 ]
  %50 = getelementptr inbounds ptr, ptr %49, i64 %.0204, !dbg !10
  %51 = load ptr, ptr %50, align 8, !dbg !10
  %.not202 = icmp eq ptr %51, null, !dbg !10
  br i1 %.not202, label %for.update112, label %if.then, !dbg !10

if.then:                                          ; preds = %for.body111
  tail call void @__nac3_refcount_incr_by(ptr nonnull %51, i64 15), !dbg !10
  br label %for.update112, !dbg !10

for.update112:                                    ; preds = %if.then, %for.body111
  %52 = add nuw i64 %.0204, 1, !dbg !10
  %exitcond.not = icmp eq i64 %52, %12, !dbg !10
  br i1 %exitcond.not, label %for.end114, label %for.body111, !dbg !10

for.end114:                                       ; preds = %for.update112
  %cond = icmp eq ptr %18, null, !dbg !13
  br i1 %cond, label %if.end126, label %if.then118, !dbg !13

if.then118:                                       ; preds = %succ98, %for.end114
  tail call void @__nac3_refcount_incr(ptr nonnull %18), !dbg !13
  tail call void @__nac3_refcount_decr(ptr nonnull %18), !dbg !13
  br label %if.end126, !dbg !13

if.end126:                                        ; preds = %for.end114, %if.then118
  ret i32 0, !dbg !13

fail63:                                           ; preds = %init
  store i32 0, ptr %exn, align 8, !dbg !10
  %exn.message.addr65 = getelementptr inbounds nuw i8, ptr %exn, i64 48, !dbg !10
  store ptr @const.5, ptr %exn.message.addr65, align 8, !dbg !10
  %.fca.1.gep168 = getelementptr inbounds nuw i8, ptr %exn, i64 56, !dbg !10
  store i64 76, ptr %.fca.1.gep168, align 8, !dbg !10
  %exn.param0.addr66 = getelementptr inbounds nuw i8, ptr %exn, i64 64, !dbg !10
  store i64 %12, ptr %exn.param0.addr66, align 8, !dbg !10
  %exn.param1.addr67 = getelementptr inbounds nuw i8, ptr %exn, i64 72, !dbg !10
  store i64 15, ptr %exn.param1.addr67, align 8, !dbg !10
  %exn.param2.addr68 = getelementptr inbounds nuw i8, ptr %exn, i64 80, !dbg !10
  store i64 0, ptr %exn.param2.addr68, align 8, !dbg !10
  %exn.file.addr69 = getelementptr inbounds nuw i8, ptr %exn, i64 8, !dbg !10
  store ptr @const.1, ptr %exn.file.addr69, align 8, !dbg !10
  %.fca.1.gep170 = getelementptr inbounds nuw i8, ptr %exn, i64 16, !dbg !10
  store i64 7, ptr %.fca.1.gep170, align 8, !dbg !10
  %exn.line.addr70 = getelementptr inbounds nuw i8, ptr %exn, i64 24, !dbg !10
  store i32 1, ptr %exn.line.addr70, align 8, !dbg !10
  %exn.col.addr71 = getelementptr inbounds nuw i8, ptr %exn, i64 28, !dbg !10
  store i32 13, ptr %exn.col.addr71, align 4, !dbg !10
  %exn.func.addr72 = getelementptr inbounds nuw i8, ptr %exn, i64 32, !dbg !10
  store ptr @const.2, ptr %exn.func.addr72, align 8, !dbg !10
  %.fca.1.gep172 = getelementptr inbounds nuw i8, ptr %exn, i64 40, !dbg !10
  store i64 7, ptr %.fca.1.gep172, align 8, !dbg !10
  call void @__nac3_raise(ptr nonnull %exn), !dbg !10
  unreachable, !dbg !10

fail75:                                           ; preds = %succ62
  store i32 0, ptr %exn, align 8, !dbg !10
  %exn.message.addr77 = getelementptr inbounds nuw i8, ptr %exn, i64 48, !dbg !10
  store ptr @const, ptr %exn.message.addr77, align 8, !dbg !10
  %.fca.1.gep174 = getelementptr inbounds nuw i8, ptr %exn, i64 56, !dbg !10
  store i64 82, ptr %.fca.1.gep174, align 8, !dbg !10
  %exn.param0.addr78 = getelementptr inbounds nuw i8, ptr %exn, i64 64, !dbg !10
  store i64 %16, ptr %exn.param0.addr78, align 8, !dbg !10
  %exn.param1.addr79 = getelementptr inbounds nuw i8, ptr %exn, i64 72, !dbg !10
  store i64 8, ptr %exn.param1.addr79, align 8, !dbg !10
  %exn.param2.addr80 = getelementptr inbounds nuw i8, ptr %exn, i64 80, !dbg !10
  store i64 0, ptr %exn.param2.addr80, align 8, !dbg !10
  %exn.file.addr81 = getelementptr inbounds nuw i8, ptr %exn, i64 8, !dbg !10
  store ptr @const.1, ptr %exn.file.addr81, align 8, !dbg !10
  %.fca.1.gep176 = getelementptr inbounds nuw i8, ptr %exn, i64 16, !dbg !10
  store i64 7, ptr %.fca.1.gep176, align 8, !dbg !10
  %exn.line.addr82 = getelementptr inbounds nuw i8, ptr %exn, i64 24, !dbg !10
  store i32 1, ptr %exn.line.addr82, align 8, !dbg !10
  %exn.col.addr83 = getelementptr inbounds nuw i8, ptr %exn, i64 28, !dbg !10
  store i32 13, ptr %exn.col.addr83, align 4, !dbg !10
  %exn.func.addr84 = getelementptr inbounds nuw i8, ptr %exn, i64 32, !dbg !10
  store ptr @const.2, ptr %exn.func.addr84, align 8, !dbg !10
  %.fca.1.gep178 = getelementptr inbounds nuw i8, ptr %exn, i64 40, !dbg !10
  store i64 7, ptr %.fca.1.gep178, align 8, !dbg !10
  call void @__nac3_raise(ptr nonnull %exn), !dbg !10
  unreachable, !dbg !10

fail87:                                           ; preds = %succ74
  store i32 0, ptr %exn, align 8, !dbg !10
  %exn.message.addr89 = getelementptr inbounds nuw i8, ptr %exn, i64 48, !dbg !10
  store ptr @const.3, ptr %exn.message.addr89, align 8, !dbg !10
  %.fca.1.gep180 = getelementptr inbounds nuw i8, ptr %exn, i64 56, !dbg !10
  store i64 113, ptr %.fca.1.gep180, align 8, !dbg !10
  %exn.param0.addr90 = getelementptr inbounds nuw i8, ptr %exn, i64 64, !dbg !10
  store i64 %24, ptr %exn.param0.addr90, align 8, !dbg !10
  %exn.param1.addr91 = getelementptr inbounds nuw i8, ptr %exn, i64 72, !dbg !10
  store i64 16, ptr %exn.param1.addr91, align 8, !dbg !10
  %exn.param2.addr92 = getelementptr inbounds nuw i8, ptr %exn, i64 80, !dbg !10
  store i64 0, ptr %exn.param2.addr92, align 8, !dbg !10
  %exn.file.addr93 = getelementptr inbounds nuw i8, ptr %exn, i64 8, !dbg !10
  store ptr @const.1, ptr %exn.file.addr93, align 8, !dbg !10
  %.fca.1.gep182 = getelementptr inbounds nuw i8, ptr %exn, i64 16, !dbg !10
  store i64 7, ptr %.fca.1.gep182, align 8, !dbg !10
  %exn.line.addr94 = getelementptr inbounds nuw i8, ptr %exn, i64 24, !dbg !10
  store i32 1, ptr %exn.line.addr94, align 8, !dbg !10
  %exn.col.addr95 = getelementptr inbounds nuw i8, ptr %exn, i64 28, !dbg !10
  store i32 13, ptr %exn.col.addr95, align 4, !dbg !10
  %exn.func.addr96 = getelementptr inbounds nuw i8, ptr %exn, i64 32, !dbg !10
  store ptr @const.2, ptr %exn.func.addr96, align 8, !dbg !10
  %.fca.1.gep184 = getelementptr inbounds nuw i8, ptr %exn, i64 40, !dbg !10
  store i64 7, ptr %.fca.1.gep184, align 8, !dbg !10
  call void @__nac3_raise(ptr nonnull %exn), !dbg !10
  unreachable, !dbg !10
}

declare ptr @__nac3_alloc(i64, i64) local_unnamed_addr

declare void @__nac3_object_header_init(ptr, i1, ptr) local_unnamed_addr

; Function Attrs: mustprogress nocallback nofree nounwind willreturn memory(argmem: write)
declare void @llvm.memset.p0.i64(ptr writeonly captures(none), i8, i64, i1 immarg) #0

; Function Attrs: mustprogress nocallback nocreateundeforpoison nofree nosync nounwind speculatable willreturn memory(none)
declare { i64, i1 } @llvm.umul.with.overflow.i64(i64, i64) #1

; Function Attrs: noreturn
declare void @__nac3_raise(ptr) local_unnamed_addr #2

; Function Attrs: mustprogress nocallback nofree nounwind willreturn memory(argmem: readwrite)
declare void @llvm.memcpy.p0.p0.i64(ptr noalias writeonly captures(none), ptr noalias readonly captures(none), i64, i1 immarg) #3

declare void @__nac3_refcount_incr_by(ptr, i64) local_unnamed_addr

declare void @__nac3_refcount_incr(ptr) local_unnamed_addr

declare void @__nac3_refcount_decr(ptr) local_unnamed_addr

attributes #0 = { mustprogress nocallback nofree nounwind willreturn memory(argmem: write) }
attributes #1 = { mustprogress nocallback nocreateundeforpoison nofree nosync nounwind speculatable willreturn memory(none) }
attributes #2 = { noreturn }
attributes #3 = { mustprogress nocallback nofree nounwind willreturn memory(argmem: readwrite) }

!llvm.module.flags = !{!0, !1}
!llvm.dbg.cu = !{!2}

!0 = !{i32 2, !"Debug Info Version", i32 3}
!1 = !{i32 2, !"Dwarf Version", i32 4}
!2 = distinct !DICompileUnit(language: DW_LANG_Python, file: !3, producer: "NAC3", isOptimized: true, runtimeVersion: 0, emissionKind: FullDebug)
!3 = !DIFile(filename: "unknown", directory: "")
!4 = distinct !DISubprogram(name: "testing", linkageName: "testing", scope: null, file: !3, line: 1, type: !5, scopeLine: 1, flags: DIFlagPublic, spFlags: DISPFlagDefinition | DISPFlagOptimized, unit: !2)
!5 = !DISubroutineType(flags: DIFlagPublic, types: !6)
!6 = !{!7}
!7 = !DIBasicType(name: "_", flags: DIFlagPublic)
!8 = !DILocation(line: 1, column: 6, scope: !4)
!9 = !DILocation(line: 1, column: 5, scope: !4)
!10 = !DILocation(line: 1, column: 11, scope: !4)
!11 = !{!"branch_weights", !"expected", i32 1, i32 2000}
!12 = !{!"branch_weights", !"expected", i32 2000, i32 1}
!13 = !DILocation(line: 1, column: 1, scope: !4)
